MPI MD5 BREAKER V2.0
Core : 24
Date : 2020/04/24 - 03:50:27
Test : 0745064918b49693cca64d6b6a13d28a
Hello From Thread 00
Hello From Thread 01
Hello From Thread 02
Hello From Thread 03
Hello From Thread 04
Hello From Thread 05
Hello From Thread 06
Hello From Thread 07
Hello From Thread 08
Hello From Thread 09
Hello From Thread 10
Hello From Thread 11
Hello From Thread 12
Hello From Thread 13
Hello From Thread 14
Hello From Thread 15
Hello From Thread 16
Hello From Thread 17
Hello From Thread 18
Hello From Thread 19
Hello From Thread 20
Hello From Thread 21
Hello From Thread 22
Hello From Thread 23
Date : 2020/04/24 - 03:50:27
Core 08 - The Result Was : ZZZ
Done!


MPI MD5 BREAKER V2.0
Core : 24
Date : 2020/04/24 - 03:49:33
Test : 4ddf7fd96ffcf749d2f1ee6efb64cc88
Hello From Thread 00
Hello From Thread 01
Hello From Thread 02
Hello From Thread 03
Hello From Thread 04
Hello From Thread 05
Hello From Thread 06
Hello From Thread 07
Hello From Thread 08
Hello From Thread 09
Hello From Thread 10
Hello From Thread 11
Hello From Thread 12
Hello From Thread 13
Hello From Thread 14
Hello From Thread 15
Hello From Thread 16
Hello From Thread 17
Hello From Thread 18
Hello From Thread 19
Hello From Thread 20
Hello From Thread 21
Hello From Thread 22
Hello From Thread 23
Date : 2020/04/24 - 03:49:35
Core 08 - The Result Was : ZZZZ
Done!


MPI MD5 BREAKER V2.0
Core : 24
Date : 2020/04/23 - 23:08:34
Test : 8f113e38d28a79a5a451b16048cc2b72
Hello From Core 00
Hello From Core 01
Hello From Core 02
Hello From Core 03
Hello From Core 04
Hello From Core 05
Hello From Core 06
Hello From Core 07
Hello From Core 08
Hello From Core 09
Hello From Core 10
Hello From Core 11
Hello From Core 12
Hello From Core 13
Hello From Core 14
Hello From Core 15
Hello From Core 16
Hello From Core 17
Hello From Core 18
Hello From Core 19
Hello From Core 20
Hello From Core 21
Hello From Core 22
Hello From Core 23
Date : 2020/04/23 - 23:10:40
Core 08 - The Result Was : ZZZZZ
Done!

MPI MD5 BREAKER V2.0
Core : 24
Date : 2020/04/23 - 23:14:53
Test : 4c467321dd2d571a787706eb4466a09d
Hello From Thread 00
Hello From Thread 01
Hello From Thread 02
Hello From Thread 03
Hello From Thread 04
Hello From Thread 05
Hello From Thread 06
Hello From Thread 07
Hello From Thread 08
Hello From Thread 09
Hello From Thread 10
Hello From Thread 11
Hello From Thread 12
Hello From Thread 13
Hello From Thread 14
Hello From Thread 15
Hello From Thread 16
Hello From Thread 17
Hello From Thread 18
Hello From Thread 19
Hello From Thread 20
Hello From Thread 21
Hello From Thread 22
Hello From Thread 23
Date : 2020/04/24 - 01:31:49
Core 08 - The Result Was : ZZZZZZ
Done!
